{
	"credit": "Made by betaklerik with Blockbench",
	"ambientocclusion": false,
	"texture_size": [32, 16],
	"textures": {
		"0": "./golden_shield"
	},
	"elements": [
		{
			"name": "armor1",
			"from": [6, 0, 6],
			"to": [7, 7, 10],
			"faces": {
				"north": {"uv": [2, 4, 2.5, 11], "texture": "#0"},
				"east": {"uv": [0, 4, 2, 11], "texture": "#0"},
				"south": {"uv": [4.5, 4, 5, 11], "texture": "#0"},
				"west": {"uv": [2.5, 4, 4.5, 11], "texture": "#0"},
				"up": {"uv": [2.5, 4, 2, 0], "texture": "#0"},
				"down": {"uv": [3, 0, 2.5, 4], "texture": "#0"}
			}
		},
		{
			"name": "armor2",
			"from": [7, 1, 9],
			"to": [8, 7, 10],
			"faces": {
				"north": {"uv": [6, 1, 6.5, 7], "texture": "#0"},
				"east": {"uv": [5.5, 1, 6, 7], "texture": "#0"},
				"south": {"uv": [7, 1, 7.5, 7], "texture": "#0"},
				"west": {"uv": [6.5, 1, 7, 7], "texture": "#0"},
				"up": {"uv": [6.5, 1, 6, 0], "texture": "#0"},
				"down": {"uv": [7, 0, 6.5, 1], "texture": "#0"}
			}
		},
		{
			"name": "armor3",
			"from": [7, 1, 6],
			"to": [8, 7, 7],
			"faces": {
				"north": {"uv": [6, 1, 6.5, 7], "texture": "#0"},
				"east": {"uv": [5.5, 1, 6, 7], "texture": "#0"},
				"south": {"uv": [7, 1, 7.5, 7], "texture": "#0"},
				"west": {"uv": [6.5, 1, 7, 7], "texture": "#0"},
				"up": {"uv": [6.5, 1, 6, 0], "texture": "#0"},
				"down": {"uv": [7, 0, 6.5, 1], "texture": "#0"}
			}
		},
		{
			"name": "lower1",
			"from": [8, 2, 9],
			"to": [9, 3, 10],
			"faces": {
				"north": {"uv": [8.5, 7, 9, 8], "texture": "#0"},
				"east": {"uv": [8, 7, 8.5, 8], "texture": "#0"},
				"south": {"uv": [9.5, 7, 10, 8], "texture": "#0"},
				"west": {"uv": [9, 7, 9.5, 8], "texture": "#0"},
				"up": {"uv": [9, 7, 8.5, 6], "texture": "#0"},
				"down": {"uv": [9.5, 6, 9, 7], "texture": "#0"}
			}
		},
		{
			"name": "lower2",
			"from": [8, 2, 6],
			"to": [9, 3, 7],
			"faces": {
				"north": {"uv": [11.5, 7, 12, 8], "texture": "#0"},
				"east": {"uv": [11, 7, 11.5, 8], "texture": "#0"},
				"south": {"uv": [12.5, 7, 13, 8], "texture": "#0"},
				"west": {"uv": [12, 7, 12.5, 8], "texture": "#0"},
				"up": {"uv": [12, 7, 11.5, 6], "texture": "#0"},
				"down": {"uv": [12.5, 6, 12, 7], "texture": "#0"}
			}
		},
		{
			"name": "lower3",
			"from": [9, 2, 6],
			"to": [10, 3, 10],
			"faces": {
				"north": {"uv": [10, 4, 10.5, 5], "texture": "#0"},
				"east": {"uv": [8, 4, 10, 5], "texture": "#0"},
				"south": {"uv": [12.5, 4, 13, 5], "texture": "#0"},
				"west": {"uv": [10.5, 4, 12.5, 5], "texture": "#0"},
				"up": {"uv": [10.5, 4, 10, 0], "texture": "#0"},
				"down": {"uv": [11, 0, 10.5, 4], "texture": "#0"}
			}
		},
		{
			"name": "upper1",
			"from": [8, 4, 9],
			"to": [9, 5, 10],
			"faces": {
				"north": {"uv": [8.5, 7, 9, 8], "texture": "#0"},
				"east": {"uv": [8, 7, 8.5, 8], "texture": "#0"},
				"south": {"uv": [9.5, 7, 10, 8], "texture": "#0"},
				"west": {"uv": [9, 7, 9.5, 8], "texture": "#0"},
				"up": {"uv": [9, 7, 8.5, 6], "texture": "#0"},
				"down": {"uv": [9.5, 6, 9, 7], "texture": "#0"}
			}
		},
		{
			"name": "upper2",
			"from": [8, 4, 6],
			"to": [9, 5, 7],
			"faces": {
				"north": {"uv": [11.5, 7, 12, 8], "texture": "#0"},
				"east": {"uv": [11, 7, 11.5, 8], "texture": "#0"},
				"south": {"uv": [12.5, 7, 13, 8], "texture": "#0"},
				"west": {"uv": [12, 7, 12.5, 8], "texture": "#0"},
				"up": {"uv": [12, 7, 11.5, 6], "texture": "#0"},
				"down": {"uv": [12.5, 6, 12, 7], "texture": "#0"}
			}
		},
		{
			"name": "upper3",
			"from": [9, 4, 6],
			"to": [10, 5, 10],
			"faces": {
				"north": {"uv": [10, 4, 10.5, 5], "texture": "#0"},
				"east": {"uv": [8, 4, 10, 5], "texture": "#0"},
				"south": {"uv": [12.5, 4, 13, 5], "texture": "#0"},
				"west": {"uv": [10.5, 4, 12.5, 5], "texture": "#0"},
				"up": {"uv": [10.5, 4, 10, 0], "texture": "#0"},
				"down": {"uv": [11, 0, 10.5, 4], "texture": "#0"}
			}
		}
	],
	"gui_light": "front",
	"display": {
		"thirdperson_righthand": {
			"rotation": [90, -180, 0],
			"translation": [0, -2, 9.9],
			"scale": [1.13, 1.13, 1.13]
		},
		"thirdperson_lefthand": {
			"rotation": [90, 0, 0],
			"translation": [0, -2, 9.9],
			"scale": [1.13, 1.13, 1.13]
		},
		"firstperson_righthand": {
			"rotation": [90, -180, 60],
			"translation": [13, -3, 0],
			"scale": [2, 2, 2]
		},
		"firstperson_lefthand": {
			"rotation": [90, 0, -60],
			"translation": [13, -3, 0],
			"scale": [2, 2, 2]
		},
		"ground": {
			"rotation": [0, 0, -90],
			"translation": [4.5, -1.5, 0]
		},
		"gui": {
			"rotation": [45, 45, -90],
			"translation": [4.5, 3, 0.5],
			"scale": [1.5, 1.5, 1.5]
		},
		"head": {
			"scale": [0, 0, 0]
		},
		"fixed": {
			"rotation": [-90, 45, -90],
			"translation": [4.75, -4.75, 1],
			"scale": [1.5, 1.5, 1.5]
		}
	}
}